{
  "version": "1.5.0",
  "plugins_used": [
    {
      "name": "ArtifactoryDetector"
    },
    {
      "name": "AWSKeyDetector"
    },
    {
      "name": "AzureStorageKeyDetector"
    },
    {
      "name": "Base64HighEntropyString",
      "limit": 4.5
    },
    {
      "name": "BasicAuthDetector"
    },
    {
      "name": "CloudantDetector"
    },
    {
      "name": "DiscordBotTokenDetector"
    },
    {
      "name": "GitHubTokenDetector"
    },
    {
      "name": "GitLabTokenDetector"
    },
    {
      "name": "HexHighEntropyString",
      "limit": 3.0
    },
    {
      "name": "IbmCloudIamDetector"
    },
    {
      "name": "IbmCosHmacDetector"
    },
    {
      "name": "IPPublicDetector"
    },
    {
      "name": "JwtTokenDetector"
    },
    {
      "name": "KeywordDetector",
      "keyword_exclude": ""
    },
    {
      "name": "MailchimpDetector"
    },
    {
      "name": "NpmDetector"
    },
    {
      "name": "OpenAIDetector"
    },
    {
      "name": "PrivateKeyDetector"
    },
    {
      "name": "PypiTokenDetector"
    },
    {
      "name": "SendGridDetector"
    },
    {
      "name": "SlackDetector"
    },
    {
      "name": "SoftlayerDetector"
    },
    {
      "name": "SquareOAuthDetector"
    },
    {
      "name": "StripeDetector"
    },
    {
      "name": "TelegramBotTokenDetector"
    },
    {
      "name": "TwilioKeyDetector"
    }
  ],
  "filters_used": [
    {
      "path": "detect_secrets.filters.allowlist.is_line_allowlisted"
    },
    {
      "path": "detect_secrets.filters.common.is_baseline_file",
      "filename": ".secrets.baseline"
    },
    {
      "path": "detect_secrets.filters.common.is_ignored_due_to_verification_policies",
      "min_level": 2
    },
    {
      "path": "detect_secrets.filters.heuristic.is_indirect_reference"
    },
    {
      "path": "detect_secrets.filters.heuristic.is_likely_id_string"
    },
    {
      "path": "detect_secrets.filters.heuristic.is_lock_file"
    },
    {
      "path": "detect_secrets.filters.heuristic.is_not_alphanumeric_string"
    },
    {
      "path": "detect_secrets.filters.heuristic.is_potential_uuid"
    },
    {
      "path": "detect_secrets.filters.heuristic.is_prefixed_with_dollar_sign"
    },
    {
      "path": "detect_secrets.filters.heuristic.is_sequential_string"
    },
    {
      "path": "detect_secrets.filters.heuristic.is_swagger_file"
    },
    {
      "path": "detect_secrets.filters.heuristic.is_templated_secret"
    },
    {
      "path": "detect_secrets.filters.regex.should_exclude_file",
      "pattern": [
        "^uv\\.lock$"
      ]
    }
  ],
  "results": {
    "app/core/ports/secret_store.py": [
      {
        "type": "Secret Keyword",
        "filename": "app/core/ports/secret_store.py",
        "hashed_secret": "3381b4073bc42999931754e65265d4fb92d6cbe1",
        "is_verified": false,
        "line_number": 11,
        "is_secret": false
      }
    ],
    "app/core/ports/source_credentials.py": [
      {
        "type": "Secret Keyword",
        "filename": "app/core/ports/source_credentials.py",
        "hashed_secret": "5baa61e4c9b93f3f0682250b6cf8331b7ee68fd8",
        "is_verified": false,
        "line_number": 14,
        "is_secret": false
      },
      {
        "type": "Secret Keyword",
        "filename": "app/core/ports/source_credentials.py",
        "hashed_secret": "665b1e3851eefefa3fb878654292f16597d25155",
        "is_verified": false,
        "line_number": 15,
        "is_secret": false
      }
    ],
    "tests/unit/test_ati_integration.py": [
      {
        "type": "Hex High Entropy String",
        "filename": "tests/unit/test_ati_integration.py",
        "hashed_secret": "960903f95946e89e7a21ab56be937700ab2fcc15",
        "is_verified": false,
        "line_number": 353,
        "is_secret": false
      },
      {
        "type": "Hex High Entropy String",
        "filename": "tests/unit/test_ati_integration.py",
        "hashed_secret": "3f5f77f57177e7a59cd3b41997689b30aa868b05",
        "is_verified": false,
        "line_number": 355,
        "is_secret": false
      },
      {
        "type": "Hex High Entropy String",
        "filename": "tests/unit/test_ati_integration.py",
        "hashed_secret": "762969641215c5262673180e000a31cd9894523c",
        "is_verified": false,
        "line_number": 357,
        "is_secret": false
      },
      {
        "type": "Secret Keyword",
        "filename": "tests/unit/test_ati_integration.py",
        "hashed_secret": "3e86c52a701dca72ed36aaa362e29e6863bfc376",
        "is_verified": false,
        "line_number": 786,
        "is_secret": false
      }
    ]
  },
  "generated_at": "2026-08-01T12:09:54Z"
}
